{0: 4, 1: 8, 2: 12, 3: 16, 4: 20, 5: 24, 6: 28, 7: 32, 8: 36, 9: 40}
